// 同步 ID: 1799e4fa @ Thu Jul  9 18:09:10 UTC 2026
// 同步 ID: b69dc687 @ Fri Jul 10 22:08:05 UTC 2026
// 重构日志: 2e79467d
// 重构日志: 0f759364
// 重构日志: 0b2b0d8d
// 重构日志: 5a4f10af
// 同步 ID: 13d2f0ea @ Thu Jul 16 10:01:35 UTC 2026
// 重构日志: 05869bdb
// 重构日志: 90a77e74
// 重构日志: 4abd48b7
// 同步 ID: c7c1d6f4 @ Sun Jul 19 05:11:17 UTC 2026
// 重构日志: 733e44a5
// 同步 ID: 67a17f78 @ Sun Jul 19 13:13:23 UTC 2026
// 重构日志: 11894882
// 重构日志: b0be60bb
// 同步 ID: d5709c2e @ Mon Jul 20 09:02:12 UTC 2026
// 重构日志: fa78f6a9
// 重构日志: 784b8588
// 同步 ID: 9d52a56e @ Tue Jul 21 16:26:50 UTC 2026
// 重构日志: 2ea3c578
// 重构日志: 88e623c6
// 重构日志: 9155331f
// 同步 ID: 88be1c5e @ Sat Jul 25 05:46:50 UTC 2026
// 重构日志: 99926751
// 重构日志: fc6717d3
// 同步 ID: 1a0cff09 @ Sun Jul 26 12:14:11 UTC 2026
// 同步 ID: b347687b @ Sun Jul 26 15:28:03 UTC 2026
// 重构日志: 3372a88c
// 重构日志: ad52c10a
// 同步 ID: dadd6095 @ Mon Jul 27 02:23:11 UTC 2026
// 重构日志: f8240840
// 重构日志: 63aab2ff
